== 100x24 ==
╭─ CIPOC · Orchestrator ─────────────────────────────────────────────────────────────────── 01:12 ─╮
│ notes  ▰▰▰▰▰▰▰▰▰▰▰▰▰▰  14/14 scanned      groups  ▰▰▰▰▰▱▱  8/10                                  │
│ vars   ▰▰▰▰▰▰▰▰▰▰▰▰▱▱  39/44   ✔9 ▣1 ∅8 ⊗19 ✖2   1 branch active                                 │
╰──────────────────────────────────────────────────────────────────────────────────────────────────╯
  ITEM  VARIABLE                          PIPELINE         NOTES  STATUS       VALUE
  ────  ────────────────────────────────  ───────────────  ─────  ───────────  ─────────────────────
▸ Initial LLM Extraction                  initial                         3/3  ✔1 ▣1 ∅1
▸ 1st Course Treatment                    gate:treatment ✗              12/12  ⊗12
▾ Metastases                              gate:mets ✓                     4/6  ▰▰▰▰▱▱
  1112  Mets at DX-Bone                   ▰▰▰                 3n  ✔ extracted  1                   █
  1113  Mets at DX-Brain                  ▰▰▰                 3n  ∅ not found  —                   ░
  1114  Mets at Dx-Distant LN             ▰▰◈ validate·2      3n  · coding     —
  1115  Mets at DX-Liver                  ▰◈▱ extract         3n  · coding     —
  1116  Mets at DX-Lung                   ▰▰▰                 3n  ✔ extracted  1                   ▓
  1117  Mets at DX-Other                  ▰▰▰                 3n  ✔ extracted  0                  ?░
▸ Lymph Node Removal                      gate:nodes ✓                    4/4  ✔3 ✖1
▸ Site Specific Codes                                                     3/6  ▰▰▰▱▱▱
▸ Other                                                                   6/6  ∅6
▸ Limited By Primary Site                                                 7/7  ⊗7
────────────────────────────────────────────────────────────────────────────────────────────────────
 ⟳ Metastases  · validate · 2 vars · 3 notes                                                   00:12

== 80x24 ==
╭─ CIPOC · Orchestrator ─────────────────────────────────────────────── 01:12 ─╮
│ notes  ▰▰▰▰▰▰▰▰  14/14 scanned      groups  ▰▰▰▱  8/10                       │
│ vars   ▰▰▰▰▰▰▰▱  39/44   ✔9 ▣1 ∅8 ⊗19 ✖2   1 branch active                   │
╰──────────────────────────────────────────────────────────────────────────────╯
  ITEM  VARIABLE                        PIPELINE         STATUS       VALUE
  ────  ──────────────────────────────  ───────────────  ───────────  ──────────
▸ Initial LLM Extraction                initial                  3/3  ✔1 ▣1 ∅1
▸ 1st Course Treatment                  gate:treatment ✗       12/12  ⊗12
▾ Metastases                            gate:mets ✓              4/6  ▰▰▰▰▱▱
  1112  Mets at DX-Bone                 ▰▰▰              ✔ extracted  1        █
  1113  Mets at DX-Brain                ▰▰▰              ∅ not found  —        ░
  1114  Mets at Dx-Distant LN           ▰▰◈ validate·2   · coding     —
  1115  Mets at DX-Liver                ▰◈▱ extract      · coding     —
  1116  Mets at DX-Lung                 ▰▰▰              ✔ extracted  1        ▓
  1117  Mets at DX-Other                ▰▰▰              ✔ extracted  0       ?░
▸ Lymph Node Removal                    gate:nodes ✓             4/4  ✔3 ✖1
▸ Site Specific Codes                                            3/6  ▰▰▰▱▱▱
▸ Other                                                          6/6  ∅6
▸ Limited By Primary Site                                        7/7  ⊗7
────────────────────────────────────────────────────────────────────────────────
 ⟳ Metastases  · validate · 2 vars · 3 notes                               00:12

== 60x24 ==
╭─ CIPOC · Orchestrator ─────────────────────────── 01:12 ─╮
│ notes  ▰▰▰▰▰▰▰▰  14/14 scanned                           │
│ vars   ▰▰▰▰▰▰▰▱  39/44   ✔9 ▣1 ∅8 ⊗19 ✖2                 │
╰──────────────────────────────────────────────────────────╯
  ITEM  VARIABLE                PI…  STATUS       VALUE
  ────  ──────────────────────  ───  ───────────  ──────────
▸ Initial LLM Extraction        init…        3/3  ✔1 ▣1 ∅1
▸ 1st Course Treatment          gate…      12/12  ⊗12
▾ Metastases                    gate…        4/6  ▰▰▰▰▱▱
  1112  Mets at DX-Bone         ▰▰▰  ✔ extracted  1        █
  1113  Mets at DX-Brain        ▰▰▰  ∅ not found  —        ░
  1114  Mets at Dx-Distant LN   ▰▰◈  · coding     —
  1115  Mets at DX-Liver        ▰◈▱  · coding     —
  1116  Mets at DX-Lung         ▰▰▰  ✔ extracted  1        ▓
  1117  Mets at DX-Other        ▰▰▰  ✔ extracted  0       ?░
▸ Lymph Node Removal            gate…        4/4  ✔3 ✖1
▸ Site Specific Codes                        3/6  ▰▰▰▱▱▱
▸ Other                                      6/6  ∅6
▸ Limited By Primary Site                    7/7  ⊗7
────────────────────────────────────────────────────────────
 ⟳ Metastases  · validate · 2 vars · 3 notes           00:12

== 100x50 ==
╭─ CIPOC · Orchestrator ─────────────────────────────────────────────────────────────────── 01:12 ─╮
│ notes  ▰▰▰▰▰▰▰▰▰▰▰▰▰▰  14/14 scanned      groups  ▰▰▰▰▰▱▱  8/10                                  │
│ vars   ▰▰▰▰▰▰▰▰▰▰▰▰▱▱  39/44   ✔9 ▣1 ∅8 ⊗19 ✖2   1 branch active                                 │
╰──────────────────────────────────────────────────────────────────────────────────────────────────╯
  ITEM  VARIABLE                          PIPELINE         NOTES  STATUS       VALUE
  ────  ────────────────────────────────  ───────────────  ─────  ───────────  ─────────────────────
▸ Initial LLM Extraction                  initial                         3/3  ✔1 ▣1 ∅1
▸ 1st Course Treatment                    gate:treatment ✗              12/12  ⊗12
▾ Metastases                              gate:mets ✓                     4/6  ▰▰▰▰▱▱
  1112  Mets at DX-Bone                   ▰▰▰                 3n  ✔ extracted  1                   █
  1113  Mets at DX-Brain                  ▰▰▰                 3n  ∅ not found  —                   ░
  1114  Mets at Dx-Distant LN             ▰▰◈ validate·2      3n  · coding     —
  1115  Mets at DX-Liver                  ▰◈▱ extract         3n  · coding     —
  1116  Mets at DX-Lung                   ▰▰▰                 3n  ✔ extracted  1                   ▓
  1117  Mets at DX-Other                  ▰▰▰                 3n  ✔ extracted  0                  ?░
▾ Lymph Node Removal                      gate:nodes ✓                    4/4  ✔3 ✖1
   672  RX Hosp--Scope Reg LN Sur         ▰▰▰                 2n  ✖ error      Invalid code retu… !▒
   674  RX Hosp--Surg Oth Reg/Dis         ▰▰▰                 2n  ✔ extracted  1                   ▓
   676  RX Hosp--Reg LN Removed           ▰▰▰                 2n  ✔ extracted  1                   ▓
   682  Date Regional Lymph Node Dissec…  ▰▰▰                 2n  ✔ extracted  1                   ▓
▾ Site Specific Codes                                                     3/6  ▰▰▰▱▱▱
   670  RX Hosp--Surg Prim Site 03-2022   ◈▱▱ retrieve        7n  · coding     —
   671  RX Hosp--Surg Prim Site 2023      ▱▱▱                 7n  · pending    —
  3843  Grade Clinical                    ▰▰▰                 7n  ✖ error      Invalid grade cod… !▒
  3844  Grade Pathological                ▰◈▱ extract         7n  · coding     —
▾   Histologic Type and Behavior Code                                     2/2  ✔2
   522    Histologic Type ICD-O-3         ▰▰▰                 7n  ✔ extracted  8500                █
   523    Behavior Code ICD-O-3           ▰▰▰                 7n  ✔ extracted  3                   █
▾ Other                                                                   6/6  ∅6
   764  Summary Stage 2018                ▰▰▰                 4n  ∅ not found  —                   ░
   820  Regional Nodes Positive           ▰▰▰                 4n  ∅ not found  —                   ░
   830  Regional Nodes Examined           ▰▰▰                 4n  ∅ not found  —                   ░
  1182  Lymphovascular Invasion           ▰▰▰                 4n  ∅ not found  —                   ░
  3280  RX Hosp--Palliative Proc          ▰▰▰                 4n  ∅ not found  —                   ░
   756  Tumor Size Summary                ▰▰▰                 4n  ∅ not found  —                   ░
▾ Limited By Primary Site                                                 7/7  ⊗7
▾   Breast/Melanoma Only                  site:breast/melanoma            1/1  ⊗1
   832    Date of Sentinel Lymph Node B…  ▱▱▱                     ⊗ n/a        Primary site does…
▾   Ovary Only                            site:ovary                      1/1  ⊗1
  3836    FIGO Stage                      ▱▱▱                     ⊗ n/a        Primary site does…
▾   Prostate Only                         site:prostate                   5/5  ⊗5
  3838    Gleason Patterns Clinical       ▱▱▱                     ⊗ n/a        Primary site does…
  3839    Gleason Patterns Pathological   ▱▱▱                     ⊗ n/a        Primary site does…
  3840    Gleason Score Clinical          ▱▱▱                     ⊗ n/a        Primary site does…
  3841    Gleason Score Pathological      ▱▱▱                     ⊗ n/a        Primary site does…
  3842    Gleason Tertiary Pattern        ▱▱▱                     ⊗ n/a        Primary site does…
────────────────────────────────────────────────────────────────────────────────────────────────────
 ⟳ Metastases  · validate · 2 vars · 3 notes                                                   00:12

== 80x50 ==
╭─ CIPOC · Orchestrator ─────────────────────────────────────────────── 01:12 ─╮
│ notes  ▰▰▰▰▰▰▰▰  14/14 scanned      groups  ▰▰▰▱  8/10                       │
│ vars   ▰▰▰▰▰▰▰▱  39/44   ✔9 ▣1 ∅8 ⊗19 ✖2   1 branch active                   │
╰──────────────────────────────────────────────────────────────────────────────╯
  ITEM  VARIABLE                        PIPELINE         STATUS       VALUE
  ────  ──────────────────────────────  ───────────────  ───────────  ──────────
▸ Initial LLM Extraction                initial                  3/3  ✔1 ▣1 ∅1
▸ 1st Course Treatment                  gate:treatment ✗       12/12  ⊗12
▾ Metastases                            gate:mets ✓              4/6  ▰▰▰▰▱▱
  1112  Mets at DX-Bone                 ▰▰▰              ✔ extracted  1        █
  1113  Mets at DX-Brain                ▰▰▰              ∅ not found  —        ░
  1114  Mets at Dx-Distant LN           ▰▰◈ validate·2   · coding     —
  1115  Mets at DX-Liver                ▰◈▱ extract      · coding     —
  1116  Mets at DX-Lung                 ▰▰▰              ✔ extracted  1        ▓
  1117  Mets at DX-Other                ▰▰▰              ✔ extracted  0       ?░
▾ Lymph Node Removal                    gate:nodes ✓             4/4  ✔3 ✖1
   672  RX Hosp--Scope Reg LN Sur       ▰▰▰              ✖ error      Invali… !▒
   674  RX Hosp--Surg Oth Reg/Dis       ▰▰▰              ✔ extracted  1        ▓
   676  RX Hosp--Reg LN Removed         ▰▰▰              ✔ extracted  1        ▓
   682  Date Regional Lymph Node Diss…  ▰▰▰              ✔ extracted  1        ▓
▾ Site Specific Codes                                            3/6  ▰▰▰▱▱▱
   670  RX Hosp--Surg Prim Site 03-20…  ◈▱▱ retrieve     · coding     —
   671  RX Hosp--Surg Prim Site 2023    ▱▱▱              · pending    —
  3843  Grade Clinical                  ▰▰▰              ✖ error      Invali… !▒
  3844  Grade Pathological              ▰◈▱ extract      · coding     —
▾   Histologic Type and Behavior Code                            2/2  ✔2
   522    Histologic Type ICD-O-3       ▰▰▰              ✔ extracted  8500     █
   523    Behavior Code ICD-O-3         ▰▰▰              ✔ extracted  3        █
▾ Other                                                          6/6  ∅6
   764  Summary Stage 2018              ▰▰▰              ∅ not found  —        ░
   820  Regional Nodes Positive         ▰▰▰              ∅ not found  —        ░
   830  Regional Nodes Examined         ▰▰▰              ∅ not found  —        ░
  1182  Lymphovascular Invasion         ▰▰▰              ∅ not found  —        ░
  3280  RX Hosp--Palliative Proc        ▰▰▰              ∅ not found  —        ░
   756  Tumor Size Summary              ▰▰▰              ∅ not found  —        ░
▾ Limited By Primary Site                                        7/7  ⊗7
▾   Breast/Melanoma Only                site:breast/mela…        1/1  ⊗1
   832    Date of Sentinel Lymph Node…  ▱▱▱              ⊗ n/a        Primar…
▾   Ovary Only                          site:ovary               1/1  ⊗1
  3836    FIGO Stage                    ▱▱▱              ⊗ n/a        Primar…
▾   Prostate Only                       site:prostate            5/5  ⊗5
  3838    Gleason Patterns Clinical     ▱▱▱              ⊗ n/a        Primar…
  3839    Gleason Patterns Pathologic…  ▱▱▱              ⊗ n/a        Primar…
  3840    Gleason Score Clinical        ▱▱▱              ⊗ n/a        Primar…
  3841    Gleason Score Pathological    ▱▱▱              ⊗ n/a        Primar…
  3842    Gleason Tertiary Pattern      ▱▱▱              ⊗ n/a        Primar…
────────────────────────────────────────────────────────────────────────────────
 ⟳ Metastases  · validate · 2 vars · 3 notes                               00:12

== 60x50 ==
╭─ CIPOC · Orchestrator ─────────────────────────── 01:12 ─╮
│ notes  ▰▰▰▰▰▰▰▰  14/14 scanned                           │
│ vars   ▰▰▰▰▰▰▰▱  39/44   ✔9 ▣1 ∅8 ⊗19 ✖2                 │
╰──────────────────────────────────────────────────────────╯
  ITEM  VARIABLE                PI…  STATUS       VALUE
  ────  ──────────────────────  ───  ───────────  ──────────
▸ Initial LLM Extraction        init…        3/3  ✔1 ▣1 ∅1
▸ 1st Course Treatment          gate…      12/12  ⊗12
▾ Metastases                    gate…        4/6  ▰▰▰▰▱▱
  1112  Mets at DX-Bone         ▰▰▰  ✔ extracted  1        █
  1113  Mets at DX-Brain        ▰▰▰  ∅ not found  —        ░
  1114  Mets at Dx-Distant LN   ▰▰◈  · coding     —
  1115  Mets at DX-Liver        ▰◈▱  · coding     —
  1116  Mets at DX-Lung         ▰▰▰  ✔ extracted  1        ▓
  1117  Mets at DX-Other        ▰▰▰  ✔ extracted  0       ?░
▾ Lymph Node Removal            gate…        4/4  ✔3 ✖1
   672  RX Hosp--Scope Reg LN…  ▰▰▰  ✖ error      Invali… !▒
   674  RX Hosp--Surg Oth Reg…  ▰▰▰  ✔ extracted  1        ▓
   676  RX Hosp--Reg LN Remov…  ▰▰▰  ✔ extracted  1        ▓
   682  Date Regional Lymph N…  ▰▰▰  ✔ extracted  1        ▓
▾ Site Specific Codes                        3/6  ▰▰▰▱▱▱
   670  RX Hosp--Surg Prim Si…  ◈▱▱  · coding     —
   671  RX Hosp--Surg Prim Si…  ▱▱▱  · pending    —
  3843  Grade Clinical          ▰▰▰  ✖ error      Invali… !▒
  3844  Grade Pathological      ▰◈▱  · coding     —
▾   Histologic Type and Behavio…             2/2  ✔2
   522    Histologic Type ICD…  ▰▰▰  ✔ extracted  8500     █
   523    Behavior Code ICD-O…  ▰▰▰  ✔ extracted  3        █
▾ Other                                      6/6  ∅6
   764  Summary Stage 2018      ▰▰▰  ∅ not found  —        ░
   820  Regional Nodes Positi…  ▰▰▰  ∅ not found  —        ░
   830  Regional Nodes Examin…  ▰▰▰  ∅ not found  —        ░
  1182  Lymphovascular Invasi…  ▰▰▰  ∅ not found  —        ░
  3280  RX Hosp--Palliative P…  ▰▰▰  ∅ not found  —        ░
   756  Tumor Size Summary      ▰▰▰  ∅ not found  —        ░
▾ Limited By Primary Site                    7/7  ⊗7
▾   Breast/Melanoma Only        site…        1/1  ⊗1
   832    Date of Sentinel Ly…  ▱▱▱  ⊗ n/a        Primar…
▾   Ovary Only                  site…        1/1  ⊗1
  3836    FIGO Stage            ▱▱▱  ⊗ n/a        Primar…
▾   Prostate Only               site…        5/5  ⊗5
  3838    Gleason Patterns Cl…  ▱▱▱  ⊗ n/a        Primar…
  3839    Gleason Patterns Pa…  ▱▱▱  ⊗ n/a        Primar…
  3840    Gleason Score Clini…  ▱▱▱  ⊗ n/a        Primar…
  3841    Gleason Score Patho…  ▱▱▱  ⊗ n/a        Primar…
  3842    Gleason Tertiary Pa…  ▱▱▱  ⊗ n/a        Primar…
────────────────────────────────────────────────────────────
 ⟳ Metastases  · validate · 2 vars · 3 notes           00:12
